capture: armed for /Users/laurensvanoorschot/RainShadow/ArtSource/Generated/Office/BGEE1950sV11/Captures/office_v11_fixture_fix_v3_architecture.png
RAINSHADOW_DUMP_BEGIN
background office_suite_plate authored=(0, 0) world=(1239, 697) size=(1618, 910) z=0
background office_shadow_vignette authored=(0, 0) world=(1239, 697) size=(1618, 910) z=1
floor office_floor_wear_decal authored=(1879, 1244) world=(1981, 1188) size=(608, 304) z=0
floor office_light_window_spill authored=(977, 1162) world=(1625, 1156) size=(372, 248) z=0
floor office_light_blind_stripes authored=(1124, 1136) world=(1683, 1146) size=(433, 288) z=0
floor office_shadow_ceiling_fan authored=(1879, 1244) world=(1981, 1188) size=(473, 315) z=0
floor office_light_hallway authored=(2514, 585) world=(2232, 928) size=(144, 96) z=0
floor office_light_lamp_pool authored=(1879, 1244) world=(1981, 1188) size=(321, 214) z=0
floor office_entrance_runner authored=(2273, 768) world=(2137, 1000) size=(78, 39) z=0
floor office_cabinet_floor_shadow authored=(1213, 1610) world=(1718, 1333) size=(60, 45) z=0
floor office_worn_rug authored=(1845, 1218) world=(1968, 1178) size=(437, 241) z=0
floor office_desk_floor_shadow authored=(1879, 1244) world=(1981, 1188) size=(141, 71) z=0
rear office_light_blind_stripes_wall authored=(917, 1208) world=(1601, 1174) size=(243, 162) z=0
rear office_wall_photos authored=(1449, 1956) world=(1811, 1470) size=(35, 25) z=0
rear office_case_board authored=(1320, 1893) world=(1760, 1445) size=(72, 63) z=0
rear office_wall_city_map authored=(1177, 1775) world=(1704, 1398) size=(49, 42) z=0
rear office_framed_licence authored=(1020, 1631) world=(1642, 1341) size=(25, 28) z=0
rear office_radiator authored=(782, 1310) world=(1548, 1214) size=(33, 37) z=0
rear office.window.hoverOverlay authored=(0, 0) world=(1239, 697) size=(1618, 910) z=0
rear office.window.rain authored=(-3137, -1764) world=(0, 0) size=(1918, 1079) z=0
depth office_floor_trash_a authored=(1346, 1182) world=(1771, 1164) size=(22, 17) z=1490
depth office_floor_trash_b authored=(924, 1162) world=(1604, 1156) size=(25, 19) z=1519
depth office_bookshelf authored=(1063, 1502) world=(1659, 1290) size=(69, 104) z=1507
depth office_filing_cabinet_open authored=(1213, 1610) world=(1718, 1333) size=(60, 90) z=1485
depth office_filing_cabinet authored=(1334, 1698) world=(1766, 1368) size=(60, 90) z=1468
depth office_safe authored=(1463, 1791) world=(1817, 1405) size=(31, 34) z=1450
depth office_archive_box_b authored=(1334, 1698) world=(1766, 1368) size=(41, 41) z=1508
depth office_archive_stack authored=(1213, 1610) world=(1718, 1333) size=(43, 43) z=1530
depth office_archive_box_a authored=(1304, 981) world=(1754, 1084) size=(46, 46) z=1610
depth office_coat_rack authored=(1888, 433) world=(1985, 868) size=(34, 75) z=1718
depth office_umbrella_stand authored=(1893, 503) world=(1987, 896) size=(19, 26) z=1704
depth office_waiting_chair_a authored=(1742, 670) world=(1927, 962) size=(39, 50) z=1671
depth office_waiting_table authored=(1763, 580) world=(1935, 926) size=(37, 30) z=1689
depth office_waiting_chair_b authored=(1784, 491) world=(1944, 891) size=(41, 52) z=1707
depth office_newspaper authored=(1763, 584) world=(1936, 928) size=(14, 10) z=1668
depth office_waiting_ashtray authored=(1765, 566) world=(1936, 921) size=(12, 8) z=1677
depth office_personal_sideboard authored=(3090, 1321) world=(2460, 1219) size=(78, 65) z=1533
depth office_hidden_bottle authored=(3094, 1314) world=(2461, 1216) size=(9, 18) z=1524
depth office_personal_glass authored=(3080, 1333) world=(2456, 1223) size=(10, 13) z=1515
depth office_personal_fan authored=(3020, 1385) world=(2432, 1244) size=(41, 62) z=1525
depth office_desk_chair authored=(2096, 1280) world=(2067, 1203) size=(59, 88) z=1511
depth office_visitor_armchair authored=(1524, 1206) world=(1841, 1173) size=(64, 64) z=1515
depth office_visitor_armchair_2 authored=(1638, 1003) world=(1886, 1093) size=(62, 62) z=1555
depth office_wastebasket authored=(1968, 1071) world=(2016, 1120) size=(21, 21) z=1592
depth office_desk_bare authored=(1879, 1244) world=(1981, 1188) size=(112, 94) z=1058
depth office_desk_lamp authored=(1812, 1415) world=(1955, 1256) size=(26, 31) z=1524
depth office_desk_phone authored=(1840, 1392) world=(1966, 1247) size=(25, 18) z=1529
depth office_desk_typewriter authored=(1881, 1406) world=(1982, 1252) size=(34, 24) z=1526
depth office_desk_notebook authored=(1895, 1377) world=(1988, 1241) size=(19, 14) z=1532
depth office_desk_papers authored=(1919, 1389) world=(1997, 1246) size=(41, 30) z=1529
depth office_desk_ashtray authored=(1936, 1373) world=(2004, 1239) size=(14, 10) z=1532
depth office_desk_files authored=(1960, 1397) world=(2013, 1249) size=(29, 23) z=1528
depth office_desk_actor_occluder authored=(1879, 1244) world=(1981, 1188) size=(112, 94) z=1498
depth office_desk_front_occluder_v04 authored=(1879, 1244) world=(1981, 1188) size=(112, 94) z=1573
depth office_desk_top_occluder authored=(1879, 1244) world=(1981, 1188) size=(112, 94) z=1518
depth office.door.visual authored=(2741, 709) world=(2322, 977) size=(512, 320) z=1687
depth unnamed authored=(2096, 1129) world=(2067, 1143) size=(180, 248) z=1558
depth client.lilaMarch authored=(2594, 525) world=(2264, 904) size=(180, 180) z=1700
RAINSHADOW_DUMP_END
capture: rendered 3236x1822 crop=(1239.0400390625, 696.9600219726562, 1617.9200439453125, 910.0800170898438)
